CASE 0/clean: fit=0.1011K diag=0.1042K alarms=False/False hidden_RMSE=0.0069K inadequate=False
CASE 0/bias: fit=0.2441K diag=0.2381K alarms=True/True hidden_RMSE=0.8174K inadequate=True
CASE 0/lag: fit=1.1077K diag=1.1580K alarms=True/True hidden_RMSE=1.7343K inadequate=True
CASE 0/cooling: fit=0.8232K diag=0.9730K alarms=True/True hidden_RMSE=1.4313K inadequate=True
CASE 1/clean: fit=0.0885K diag=0.1051K alarms=False/False hidden_RMSE=0.0287K inadequate=False
CASE 1/bias: fit=0.2381K diag=0.2146K alarms=True/True hidden_RMSE=0.8027K inadequate=True
CASE 1/lag: fit=0.5264K diag=0.6738K alarms=True/True hidden_RMSE=2.9055K inadequate=True
CASE 1/cooling: fit=0.8073K diag=0.9590K alarms=True/True hidden_RMSE=1.5404K inadequate=True
CASE 2/clean: fit=0.1010K diag=0.1076K alarms=False/False hidden_RMSE=0.0158K inadequate=False
CASE 2/bias: fit=0.2437K diag=0.2364K alarms=True/True hidden_RMSE=0.8390K inadequate=True
CASE 2/lag: fit=0.9158K diag=0.9511K alarms=True/True hidden_RMSE=1.7661K inadequate=True
CASE 2/cooling: fit=0.5910K diag=0.7149K alarms=True/True hidden_RMSE=1.1487K inadequate=True
CASE 3/clean: fit=0.0939K diag=0.0998K alarms=False/False hidden_RMSE=0.0263K inadequate=False
CASE 3/bias: fit=0.2398K diag=0.2244K alarms=True/True hidden_RMSE=0.8178K inadequate=True
CASE 3/lag: fit=0.7381K diag=0.7391K alarms=True/True hidden_RMSE=1.9567K inadequate=True
CASE 3/cooling: fit=0.6630K diag=0.8175K alarms=True/True hidden_RMSE=1.2630K inadequate=True
{
  "status": "COMPLETED",
  "groups": {
    "clean": {
      "count": 4,
      "fit_success": 4,
      "training_alarms": 0,
      "combined_alarms": 0,
      "inadequate_predictions": 0,
      "hidden_rmse_range_K": [
        0.0068825127463614235,
        0.028719258821193517
      ]
    },
    "bias": {
      "count": 4,
      "fit_success": 4,
      "training_alarms": 4,
      "combined_alarms": 4,
      "inadequate_predictions": 4,
      "hidden_rmse_range_K": [
        0.8026815071043474,
        0.8389895513152831
      ]
    },
    "lag": {
      "count": 4,
      "fit_success": 4,
      "training_alarms": 4,
      "combined_alarms": 4,
      "inadequate_predictions": 4,
      "hidden_rmse_range_K": [
        1.7342668643041064,
        2.905484991216629
      ]
    },
    "cooling": {
      "count": 4,
      "fit_success": 4,
      "training_alarms": 4,
      "combined_alarms": 4,
      "inadequate_predictions": 4,
      "hidden_rmse_range_K": [
        1.1486851369367996,
        1.5404409013238285
      ]
    }
  },
  "confusion_vs_hidden_prediction": {
    "training": {
      "TP": 12,
      "FP": 0,
      "FN": 0,
      "TN": 4
    },
    "combined": {
      "TP": 12,
      "FP": 0,
      "FN": 0,
      "TN": 4
    }
  },
  "fit_calls": 707,
  "fit_seconds": 88.36014191666618,
  "invocation_wall_seconds": 100.05702102207579
}
