Using Python 3.12.8 environment at: research/thermal-ai4engineering/feasibility/.venv
Resolved 39 packages in 4.02s
Downloading networkx (2.0MiB)
Downloading scikit-learn (8.7MiB)
Downloading numba (3.7MiB)
Downloading kiwisolver (1.4MiB)
Downloading llvmlite (57.1MiB)
Downloading botorch (5.7MiB)
Downloading fonttools (5.1MiB)
Downloading scipy (33.7MiB)
Downloading matplotlib (9.4MiB)
Downloading sympy (6.0MiB)
Downloading pillow (6.6MiB)
Downloading torch (175.4MiB)
 Downloading kiwisolver
 Downloading networkx
 Downloading numba
 Downloading fonttools
 Downloading botorch
 Downloading sympy
 Downloading pillow
 Downloading scikit-learn
 Downloading matplotlib
 Downloading scipy
 Downloading llvmlite
 Downloading torch
Prepared 34 packages in 48.25s
warning: Failed to hardlink files; falling back to full copy. This may lead to degraded performance.
         If the cache and target directories are on different filesystems, hardlinking may not be supported.
         If this is intentional, set `export UV_LINK_MODE=copy` or use `--link-mode=copy` to suppress this warning.
Installed 39 packages in 634ms
 + botorch==0.18.1
 + cloudpickle==3.1.2
 + contourpy==1.4.0
 + cycler==0.12.1
 + filelock==4.0.2
 + fonttools==4.66.0
 + fsspec==2026.9.0
 + gpytorch==1.15.2
 + jinja2==3.1.6
 + joblib==1.6.0
 + kiwisolver==1.5.1
 + linear-operator==0.6.1
 + llvmlite==0.49.0
 + markupsafe==3.0.3
 + matplotlib==3.11.2
 + mpmath==1.3.0
 + multipledispatch==1.0.0
 + mypy-extensions==1.1.0
 + narwhals==2.26.0
 + networkx==3.7
 + ninja==1.13.2
 + numba==0.67.0
 + numpy==2.5.3
 + packaging==26.3
 + pillow==12.3.0
 + py-pde==0.59.0
 + pyparsing==3.3.3
 + pyre-extensions==0.0.32
 + python-dateutil==2.9.0.post0
 + scikit-learn==1.9.1
 + scipy==1.18.1
 + setuptools==84.0.0
 + six==1.17.0
 + sympy==1.14.0
 + threadpoolctl==3.7.0
 + torch==2.8.0+cpu
 + tqdm==4.70.1
 + typing-extensions==4.16.0
 + typing-inspect==0.9.0
